Vivado Simulator v2025.2
Copyright 1986-2022 Xilinx, Inc. All Rights Reserved.
Copyright 2022-2025 Advanced Micro Devices, Inc. All Rights Reserved.
Running: /tools/2025.2/Vivado/bin/unwrapped/lnx64.o/xelab axi_tb_top -timescale=1ns/1ps -s axi_tb_top_snap -L uvm -debug typical 
Multi-threading is on. Using 10 slave threads.
WARNING: [XSIM 43-3431] One or more environment variables have been detected which affect the operation of the C compiler. These are typically not set in standard installations and are not tested by AMD, however they may be appropriate for your system, so the flow will attempt to continue.  If errors occur, try running xelab with the "-mt off -v 1" switches to see more information from the C compiler. The following environment variables have been detected:
Starting static elaboration
Pass Through NonSizing Optimizer
Completed static elaboration
Starting simulation data flow analysis
Completed simulation data flow analysis
Time Resolution for simulation is 1ps
Compiling package uvm.uvm_pkg
Compiling package std.std
Compiling package work.axi_agent_pkg
Compiling package work.axi_param_pkg
Compiling package work.axi_test_pkg
Compiling package work.axi_env_pkg
Compiling module work.axi_if_default
Compiling module work.axi_tb_top
Built simulation snapshot axi_tb_top_snap
