#-----------------------------------------------------------
# xsim v2025.2 (64-bit)
# SW Build 6299465 on Fri Nov 14 12:34:56 MST 2025
# IP Build 6300035 on Fri Nov 14 10:48:45 MST 2025
# SharedData Build 6298862 on Thu Nov 13 04:50:51 MST 2025
# Start of session at: Wed Sep 30 12:55:11 2026
# Process ID         : 3943597
# Current directory  : /home/nashita/Desktop/practice/axi_uvm/sim
# Command line       : xsim -log xsim_axi_base_test.log -mode tcl -source {xsim.dir/axi_tb_top_snap/xsim_script.tcl}
# Log file           : /home/nashita/Desktop/practice/axi_uvm/sim/xsim_axi_base_test.log
# Journal file       : /home/nashita/Desktop/practice/axi_uvm/sim/xsim.jou
# Running On         : vlsi-vivado
# Platform           : Ubuntu
# Operating System   : Ubuntu 24.04.4 LTS
# Processor Detail   : Intel(R) Core(TM) i5-10400 CPU @ 2.90GHz
# CPU Frequency      : 4000.002 MHz
# CPU Physical cores : 6
# CPU Logical cores  : 12
# Host memory        : 41875 MB
# Swap memory        : 27648 MB
# Total Virtual      : 69524 MB
# Available Virtual  : 57134 MB
#-----------------------------------------------------------
source xsim.dir/axi_tb_top_snap/xsim_script.tcl
run -all
